// Jest Snapshot v1, https://goo.gl/fbAQLP

exports[`LeftMenu should match snapshot 1`] = `ReactWrapper {}`;
